
> soilguard-app@0.1.0 build
> next build

node.exe : ÔÜá Warning: 
Next.js inferred your 
workspace root, but it may 
not be correct.
At line:1 char:1
+ & "C:\Program 
Files\nodejs/node.exe" 
"C:\Program 
Files\nodejs/node_mo ...
+ ~~~~~~~~~~~~~~~~~~~~~~~~~~~
~~~~~~~~~~~~~~~~~~~~~~~~~~~~~
~~~~~~~~~~~~~
    + CategoryInfo           
   : NotSpecified: (ÔÜá War  
  ning: Ne...not be correc   
 t.:String) [], RemoteExc    
eption
    + FullyQualifiedErrorId  
   : NativeCommandError
 
 We detected multiple 
lockfiles and selected the 
directory of 
C:\Users\Hrishikesh 
Jha\Downloads\soil guard anti
gravity\package-lock.json as 
the root directory.
 To silence this warning, 
set `turbopack.root` in your 
Next.js config, or consider 
removing one of the 
lockfiles if it's not needed.
   See https://nextjs.org/doc
s/app/api-reference/config/ne
xt-config-js/turbopack#root-d
irectory for more 
information.
 Detected additional 
lockfiles: 
   * C:\Users\Hrishikesh 
Jha\Downloads\soil guard anti
gravity\soilguard-app\package
-lock.json

Ôû▓ Next.js 16.1.6 (Turbopack)

  Creating an optimized production build ...
Error: Cannot apply unknown 
utility class 
`selection:bg-primary/20`
    [2m[at 
onInvalidCandidate 
(C:\Users\Hrishikesh 
Jha\Downloads\soil guard anti
gravity\soilguard-app\node_mo
dules\tailwindcss\dist\lib.js
:21:1511)][0m
    [2m[at Ee 
(C:\Users\Hrishikesh 
Jha\Downloads\soil guard anti
gravity\soilguard-app\node_mo
dules\tailwindcss\dist\lib.js
:16:37066)][0m
    [2m[at 
C:\Users\Hrishikesh 
Jha\Downloads\soil guard anti
gravity\soilguard-app\node_mo
dules\tailwindcss\dist\lib.js
:21:355][0m
    [2m[at Pr 
(C:\Users\Hrishikesh 
Jha\Downloads\soil guard anti
gravity\soilguard-app\node_mo
dules\tailwindcss\dist\lib.js
:3:1733)][0m
    [2m[at _ 
(C:\Users\Hrishikesh 
Jha\Downloads\soil guard anti
gravity\soilguard-app\node_mo
dules\tailwindcss\dist\lib.js
:3:1377)][0m
    [2m[at Te 
(C:\Users\Hrishikesh 
Jha\Downloads\soil guard anti
gravity\soilguard-app\node_mo
dules\tailwindcss\dist\lib.js
:21:172)][0m
    [2m[at pn 
(C:\Users\Hrishikesh 
Jha\Downloads\soil guard anti
gravity\soilguard-app\node_mo
dules\tailwindcss\dist\lib.js
:38:294)][0m
    [2m[at async dn 
(C:\Users\Hrishikesh 
Jha\Downloads\soil guard anti
gravity\soilguard-app\node_mo
dules\tailwindcss\dist\lib.js
:38:631)][0m
    [2m[at async Xr 
(C:\Users\Hrishikesh 
Jha\Downloads\soil guard anti
gravity\soilguard-app\node_mo
dules\@tailwindcss\node\dist\
index.js:10:3417)][0m
    [2m[at async N 
(C:\Users\Hrishikesh 
Jha\Downloads\soil guard anti
gravity\soilguard-app\node_mo
dules\@tailwindcss\postcss\di
st\index.js:10:3979)][0m

> Build error occurred
Error: Turbopack build 
failed with 1 errors:
./soilguard-app/src/app/globa
ls.css
Error evaluating Node.js code
CssSyntaxError: tailwindcss: 
C:\Users\Hrishikesh 
Jha\Downloads\soil guard anti
gravity\soilguard-app\src\app
\globals.css:1:1: Cannot 
apply unknown utility class 
`selection:bg-primary/20`
    at Input.error (soilguard
-app/node_modules/postcss/lib
/input.js:135:16) 
[C:\Users\Hrishikesh 
Jha\Downloads\soil guard anti
gravity\soilguard-app\.next\b
uild\chunks\d3c61_b73dc4a4._.
js:4651:22]
    at Root.error (soilguard-
app/node_modules/postcss/lib/
node.js:146:32) 
[C:\Users\Hrishikesh 
Jha\Downloads\soil guard anti
gravity\soilguard-app\.next\b
uild\chunks\d3c61_b73dc4a4._.
js:928:38]
    [at Object.Once 
(C:\Users\Hrishikesh 
Jha\Downloads\soil guard anti
gravity\soilguard-app\node_mo
dules\@tailwindcss\postcss\di
st\index.js:10:6913)]
    at async 
LazyResult.runAsync (soilguar
d-app/node_modules/postcss/li
b/lazy-result.js:293:11) 
[C:\Users\Hrishikesh 
Jha\Downloads\soil guard anti
gravity\soilguard-app\.next\b
uild\chunks\d3c61_b73dc4a4._.
js:6206:21]
    at async transform (turbo
pack:///[turbopack-node]/tran
sforms/postcss.ts:70:34) 
[C:\Users\Hrishikesh 
Jha\Downloads\soil guard anti
gravity\soilguard-app\.next\b
uild\chunks\[root-of-the-serv
er]__a7b8b1c6._.js:146:36]
    at async run (turbopack:/
//[turbopack-node]/ipc/evalua
te.ts:92:23) 
[C:\Users\Hrishikesh 
Jha\Downloads\soil guard anti
gravity\soilguard-app\.next\b
uild\chunks\[root-of-the-serv
er]__5c1ea30a._.js:443:31]

Import trace:
  Client Component Browser:
    ./soilguard-app/src/app/g
lobals.css [Client Component 
Browser]
    ./soilguard-app/src/app/l
ayout.tsx [Server Component]


    at async transform (turbo
pack:///[turbopack-node]/tran
sforms/postcss.ts:70:34) 
[C:\Users\Hrishikesh 
Jha\Downloads\soil guard anti
gravity\soilguard-app\.next\b
uild\chunks\[root-of-the-serv
er]__a7b8b1c6._.js:146:36])
    at async run (turbopack:/
//[turbopack-node]/ipc/evalua
te.ts:92:23) 
[C:\Users\Hrishikesh 
Jha\Downloads\soil guard anti
gravity\soilguard-app\.next\b
uild\chunks\[root-of-the-serv
er]__5c1ea30a._.js:443:31])
